---
source: crates/sgx-attestation/src/ias.rs
assertion_line: 178
expression: report
---
SignedIasReport {
    ra_report: "{\"id\":\"272094254367129475820129751491483103595\",\"timestamp\":\"2023-10-18T09:01:15.022794\",\"version\":4,\"epidPseudonym\":\"TnbOji9riBrkhR429r3k19eolZQTpS8ZDKlZUEUieqci/sAdv871SfO4S4fcXMh6doegnYsPrZ87aOi4pEL1BtdRgo/OUU5eohWv2yExfVYwvJ0gOWQvZ+ZqvewbpXPds0OSs9kP9WUHyWXgNtRF4Fqqy1lnLMMInlJuGJt/CkA=\",\"advisoryURL\":\"https://security-center.intel.com\",\"advisoryIDs\":[\"INTEL-SA-00220\",\"INTEL-SA-00270\",\"INTEL-SA-00293\",\"INTEL-SA-00320\",\"INTEL-SA-00329\",\"INTEL-SA-00334\",\"INTEL-SA-00381\",\"INTEL-SA-00389\",\"INTEL-SA-00477\",\"INTEL-SA-00614\",\"INTEL-SA-00615\",\"INTEL-SA-00617\",\"INTEL-SA-00828\"],\"isvEnclaveQuoteStatus\":\"GROUP_OUT_OF_DATE\",\"platformInfoBlob\":\"1502006504000100001515020401800E0000000000000000000D00000C000000020000000000000B56FCF7763A87703529571B936A90ACB8773E3183802427094CFB472200439F39008491D6439EC3F8797CA205DAC7958314A44BFBDD51DE5B0656590F39F7629187\",\"isvEnclaveQuoteBody\":\"AgABAFYLAAANAA0AAAAAAEDTN+Go/mqYQBu9Z6iQUBUAAAAAAAAAAAAAAAAAAAAAAhUCBP+AAAAAAAAAAAAAAAAAAAAAAAAAAAAAAAAAAAAAAAAAAAAAAAAAAAAAAAAABQAAAAAAAAAHAAAAAAAAABCCloGAHL79W3V3nQgg2G0KYNgerRTbeTWV7b4Oh7mGAAAAAAAAAAAAAAAAAAAAAAAAAAAAAAAAAAAAAAAAAACD1xnnferKFHD2uvYqTXdDA8iZ22kCD5xw7h38CMfOngAAAAAAAAAAAAAAAAAAAAAAAAAAAAAAAAAAAAAAAAAAAAAAAAAAAAAAAAAAAAAAAAAAAAAAAAAAAAAAAAAAAAAAAAAAAAAAAAAAAAAAAAAAAAAAAAAAAAAAAAAAAAAAAAAAAAAAAAAAAAAAAAAAAAAAAAAAAAAAAAAAAAAAAAAAAAAAAAAAAAAAAAAAAAAAAAAAAAAAAAAAAAAAAAAAAABIZWxsbyBXb3JsZAAAAAAAAAAAAAAAAAAAAAAAAAAAAAAAAAAAAAAAAAAAAAAAAAAAAAAAAAAAAAAAAAAAAAAA\"}",
    raw_signing_cert: "MIIEoTCCAwmgAwIBAgIJANEHdl0yo7CWMA0GCSqGSIb3DQEBCwUAMH4xCzAJBgNVBAYTAlVTMQswCQYDVQQIDAJDQTEUMBIGA1UEBwwLU2FudGEgQ2xhcmExGjAYBgNVBAoMEUludGVsIENvcnBvcmF0aW9uMTAwLgYDVQQDDCdJbnRlbCBTR1ggQXR0ZXN0YXRpb24gUmVwb3J0IFNpZ25pbmcgQ0EwHhcNMTYxMTIyMDkzNjU4WhcNMjYxMTIwMDkzNjU4WjB7MQswCQYDVQQGEwJVUzELMAkGA1UECAwCQ0ExFDASBgNVBAcMC1NhbnRhIENsYXJhMRowGAYDVQQKDBFJbnRlbCBDb3Jwb3JhdGlvbjEtMCsGA1UEAwwkSW50ZWwgU0dYIEF0dGVzdGF0aW9uIFJlcG9ydCBTaWduaW5nMIIBIjANBgkqhkiG9w0BAQEFAAOCAQ8AMIIBCgKCAQEAqXot4OZuphR8nudFrAFiaGxxkgma/Es/BA+tbeCTUR106AL1ENcWA4FX3K+E9BBL0/7X5rj5nIgX/R/1ubhkKWw9gfqPG3KeAtIdcv/uTO1yXv50vqaPvE1CRChvzdS/ZEBqQ5oVvLTPZ3VEicQjlytKgN9cLnxbwtuvLUK7eyRPfJW/ksddOzP8VBBniolYnRCD2jrMRZ8nBM2ZWYwnXnwYeOAHV+W9tOhAImwRwKF/95yAsVwd21ryHMJBcGH70qLagZ7Ttyt++qO/6+KAXJuKwZqjRlEtSEz8gZQeFfVYgcwSfo96oSMAzVr7V0L6HSDLRnpb6xxmbPdqNol4tQIDAQABo4GkMIGhMB8GA1UdIwQYMBaAFHhDe3amfrzQr35CN+s1fDuHAVE8MA4GA1UdDwEB/wQEAwIGwDAMBgNVHRMBAf8EAjAAMGAGA1UdHwRZMFcwVaBToFGGT2h0dHA6Ly90cnVzdGVkc2VydmljZXMuaW50ZWwuY29tL2NvbnRlbnQvQ1JML1NHWC9BdHRlc3RhdGlvblJlcG9ydFNpZ25pbmdDQS5jcmwwDQYJKoZIhvcNAQELBQADggGBAGcIthtcK9IVRz4rRq+ZKE+7k50/OxUsmW8aavOzKb0iCx07YQ9rzi5nU73tME2yGRLzhSViFs/LpFa9lpQL6JL1aQwmDR74TxYGBAIi5f4I5TJoCCEqRHz91kpG6Uvyn2tLmnIdJbPE4vYvWLrtXXfFBSSPD4Afn7+3/XUggAlc7oCTizOfbbtOFlYA4g5KcYgS1J2ZAeMQqbUdZseZCcaZZZn65tdqee8UXZlDvx0+NdO0LR+5pFy+juM0wWbu59MvzcmTXbjsi7HY6zd53Yq5K244fwFHRQ8eOB0IWB+4PfM7FeAApZvlfqlKOlLcZL2uyVmzRkyR5yW72uo9mehX44CiPJ2fse9Y6eQtcfEhMPkmHXI01sN+KwPbpA39+xOsStjhP9N1Y1a2tQAVo+yVgLgV2Hws73Fc0o3wC78qPEA+v2aRs/Be3ZFDgDyghc/1fgU+7C+P6kbqd4poyb6IW8KCJbxfMJvkordNOgOUUxndPHEi/tb/U7uLjLOgPA==",
    signature: "Wg5G5d/Hw13nZhjxtdlq7WmSoHIYposzlp0+Oywag3NDQG2W2zTq17uaU/driT9PaPnVEaYz808/IJEoOipsZniNAFd6jYSQ5tnYMLB7ot+y2LcNsGS7Kw5xgeumt+KCccaZvPsjMVk/hqfKlCoYLL2AzOB+JSQe6JLNqVMeOjNu0SqY0SWV+rc6eQgCHdcnwsSpQqUfcbk1mS3y5iV87qFNgtwNFaqMwhKpFMRI3JpjTgrPAlZB1lzhTy7z+mA620aGBd6mK0GkePeW7g9X8hRpEDNaPfU9D9mlyfRTjzRBSwPQC3ENdrvGPQYGhDyk9ciMxSbcKaA0sq94MyqDOQ==",
}
