---
source: crates/pink/macro/src/tests.rs
assertion_line: 98
expression: "rustfmt_snippet::rustfmt_token_stream(&stream).unwrap()"
---
compile_error! { "Id must be non-zero" }

