---
source: crates/pink/macro/src/tests.rs
assertion_line: 144
expression: "rustfmt_snippet::rustfmt_token_stream(&stream).unwrap()"
---
compile_error! { "Expected an identifier" }

